This is pdfTeX, Version 3.141592653-2.6-1.40.25 (TeX Live 2023/Fedora 40) (preloaded format=pdflatex 2026.3.1)  5 APR 2026 18:21
entering extended mode
 restricted \write18 enabled.
 %&-line parsing enabled.
**slides_c04.tex
(./slides_c04.tex
LaTeX2e <2022-11-01> patch level 1
L3 programming layer <2023-02-22>

! LaTeX Error: File `beamer.cls' not found.

Type X to quit or <RETURN> to proceed,
or enter new name. (Default extension: cls)

Enter file name: 
! Emergency stop.
<read *> 
         
l.2 \usepackage
               [T1]{fontenc}^^M 
Here is how much of TeX's memory you used:
 23 strings out of 478087
 487 string characters out of 5842641
 1849388 words of memory out of 6000000
 20222 multiletter control sequences out of 15000+600000
 512287 words of font info for 32 fonts, out of 8000000 for 9000
 14 hyphenation exceptions out of 8191
 19i,0n,29p,85b,17s stack positions out of 10000i,1000n,20000p,200000b,200000s

!  ==> Fatal error occurred, no output PDF file produced!
